[0m16:57:19.258871 [debug] [MainThread]: Sending event: {'category': 'dbt', 'action': 'invocation', 'label': 'start', 'context': [<snowplow_tracker.self_describing_json.SelfDescribingJson object at 0x000002ED34D88D40>, <snowplow_tracker.self_describing_json.SelfDescribingJson object at 0x000002ED34AB15E0>, <snowplow_tracker.self_describing_json.SelfDescribingJson object at 0x000002ED35288500>]}


============================== 16:57:19.334621 | 01f4db81-fd7c-4e22-9db4-a71869d1b82d ==============================
[0m16:57:19.334621 [info ] [MainThread]: Running with dbt=1.11.8
[0m16:57:19.335621 [debug] [MainThread]: running dbt with arguments {'version_check': 'True', 'no_print': 'None', 'static_parser': 'True', 'target_path': 'None', 'warn_error_options': 'WarnErrorOptionsV2(error=[], warn=[], silence=[])', 'printer_width': '80', 'write_json': 'True', 'introspect': 'True', 'log_cache_events': 'False', 'empty': 'None', 'cache_selected_only': 'False', 'log_format': 'default', 'debug': 'False', 'fail_fast': 'False', 'partial_parse': 'True', 'send_anonymous_usage_stats': 'True', 'quiet': 'False', 'warn_error': 'None', 'profiles_dir': 'C:\\Users\\KishanBijlsma\\.dbt', 'invocation_command': 'dbt init brewery', 'indirect_selection': 'eager', 'use_colors': 'True', 'use_experimental_parser': 'False', 'log_path': 'logs'}
[0m16:57:19.526961 [debug] [MainThread]: Starter project path: C:\Users\KishanBijlsma\Projects\Brewery\brewery-pipeline\.venv\Lib\site-packages\dbt\include\starter_project
[0m16:57:19.540433 [info ] [MainThread]: 
Your new dbt project "brewery" was created!

For more information on how to configure the profiles.yml file,
please consult the dbt documentation here:

  https://docs.getdbt.com/docs/configure-your-profile

One more thing:

Need help? Don't hesitate to reach out to us via GitHub issues or on Slack:

  https://community.getdbt.com/

Happy modeling!

[0m16:57:19.541431 [info ] [MainThread]: Setting up your profile.
[0m16:57:41.319379 [debug] [MainThread]: Spark adapter: Setting pyhive.hive logging to ERROR
[0m16:57:41.320387 [debug] [MainThread]: Spark adapter: Setting thrift.transport logging to ERROR
[0m16:57:41.320387 [debug] [MainThread]: Spark adapter: Setting thrift.protocol logging to ERROR
[0m17:02:22.949523 [info ] [MainThread]: Profile brewery written to C:\Users\KishanBijlsma\.dbt\profiles.yml using target's profile_template.yml and your supplied values. Run 'dbt debug' to validate the connection.
[0m17:02:22.951515 [debug] [MainThread]: Command `dbt init` succeeded at 17:02:22.950519 after 303.82 seconds
[0m17:02:22.951515 [debug] [MainThread]: Sending event: {'category': 'dbt', 'action': 'invocation', 'label': 'end', 'context': [<snowplow_tracker.self_describing_json.SelfDescribingJson object at 0x000002ED36887620>, <snowplow_tracker.self_describing_json.SelfDescribingJson object at 0x000002ED50EC2870>, <snowplow_tracker.self_describing_json.SelfDescribingJson object at 0x000002ED53C63680>]}
[0m17:02:22.951515 [debug] [MainThread]: Flushing usage events
[0m17:02:23.868951 [debug] [MainThread]: An error was encountered while trying to flush usage events
[0m17:09:30.399393 [debug] [MainThread]: Sending event: {'category': 'dbt', 'action': 'invocation', 'label': 'start', 'context': [<snowplow_tracker.self_describing_json.SelfDescribingJson object at 0x00000265B0C42450>, <snowplow_tracker.self_describing_json.SelfDescribingJson object at 0x00000265B3A7D970>, <snowplow_tracker.self_describing_json.SelfDescribingJson object at 0x00000265B3A7DA30>]}


============================== 17:09:30.403409 | 3e8e23bb-5c9a-44f3-b4d8-283796929d31 ==============================
[0m17:09:30.403409 [info ] [MainThread]: Running with dbt=1.11.8
[0m17:09:30.404393 [debug] [MainThread]: running dbt with arguments {'version_check': 'True', 'no_print': 'None', 'static_parser': 'True', 'target_path': 'None', 'warn_error_options': 'WarnErrorOptionsV2(error=[], warn=[], silence=[])', 'printer_width': '80', 'write_json': 'True', 'introspect': 'True', 'log_cache_events': 'False', 'empty': 'None', 'cache_selected_only': 'False', 'log_format': 'default', 'debug': 'False', 'fail_fast': 'False', 'partial_parse': 'True', 'send_anonymous_usage_stats': 'True', 'quiet': 'False', 'warn_error': 'None', 'profiles_dir': 'C:\\Users\\KishanBijlsma\\.dbt', 'use_colors': 'True', 'invocation_command': 'dbt debug', 'indirect_selection': 'eager', 'use_experimental_parser': 'False', 'log_path': 'logs'}
[0m17:09:30.425255 [info ] [MainThread]: dbt version: 1.11.8
[0m17:09:30.426385 [info ] [MainThread]: python version: 3.12.13
[0m17:09:30.426385 [info ] [MainThread]: python path: C:\Users\KishanBijlsma\Projects\Brewery\brewery-pipeline\.venv\Scripts\python.exe
[0m17:09:30.427381 [info ] [MainThread]: os info: Windows-11-10.0.26200-SP0
[0m17:09:31.151884 [debug] [MainThread]: Spark adapter: Setting pyhive.hive logging to ERROR
[0m17:09:31.151884 [debug] [MainThread]: Spark adapter: Setting thrift.transport logging to ERROR
[0m17:09:31.151884 [debug] [MainThread]: Spark adapter: Setting thrift.protocol logging to ERROR
[0m17:09:31.666187 [info ] [MainThread]: Error importing adapter: No module named 'dbt.adapters.postgres'
[0m17:09:31.666187 [info ] [MainThread]: Using profiles dir at C:\Users\KishanBijlsma\.dbt
[0m17:09:31.667146 [info ] [MainThread]: Using profiles.yml file at C:\Users\KishanBijlsma\.dbt\profiles.yml
[0m17:09:31.667146 [info ] [MainThread]: Using dbt_project.yml file at C:\Users\KishanBijlsma\Projects\Brewery\brewery-pipeline\dbt\dbt_project.yml
[0m17:09:31.668115 [info ] [MainThread]: Configuration:
[0m17:09:31.668115 [info ] [MainThread]:   profiles.yml file [[31mERROR invalid[0m]
[0m17:09:31.668115 [info ] [MainThread]:   dbt_project.yml file [[31mERROR not found[0m]
[0m17:09:31.669114 [info ] [MainThread]: Required dependencies:
[0m17:09:31.669114 [debug] [MainThread]: Executing "git --help"
[0m17:09:31.711507 [debug] [MainThread]: STDOUT: "b"usage: git [-v | --version] [-h | --help] [-C <path>] [-c <name>=<value>]\n           [--exec-path[=<path>]] [--html-path] [--man-path] [--info-path]\n           [-p | --paginate | -P | --no-pager] [--no-replace-objects] [--no-lazy-fetch]\n           [--no-optional-locks] [--no-advice] [--bare] [--git-dir=<path>]\n           [--work-tree=<path>] [--namespace=<name>] [--config-env=<name>=<envvar>]\n           <command> [<args>]\n\nThese are common Git commands used in various situations:\n\nstart a working area (see also: git help tutorial)\n   clone      Clone a repository into a new directory\n   init       Create an empty Git repository or reinitialize an existing one\n\nwork on the current change (see also: git help everyday)\n   add        Add file contents to the index\n   mv         Move or rename a file, a directory, or a symlink\n   restore    Restore working tree files\n   rm         Remove files from the working tree and from the index\n\nexamine the history and state (see also: git help revisions)\n   bisect     Use binary search to find the commit that introduced a bug\n   diff       Show changes between commits, commit and working tree, etc\n   grep       Print lines matching a pattern\n   log        Show commit logs\n   show       Show various types of objects\n   status     Show the working tree status\n\ngrow, mark and tweak your common history\n   backfill   Download missing objects in a partial clone\n   branch     List, create, or delete branches\n   commit     Record changes to the repository\n   history    EXPERIMENTAL: Rewrite history\n   merge      Join two or more development histories together\n   rebase     Reapply commits on top of another base tip\n   reset      Set `HEAD` or the index to a known state\n   switch     Switch branches\n   tag        Create, list, delete or verify tags\n\ncollaborate (see also: git help workflows)\n   fetch      Download objects and refs from another repository\n   pull       Fetch from and integrate with another repository or a local branch\n   push       Update remote refs along with associated objects\n\n'git help -a' and 'git help -g' list available subcommands and some\nconcept guides. See 'git help <command>' or 'git help <concept>'\nto read about a specific subcommand or concept.\nSee 'git help git' for an overview of the system.\n""
[0m17:09:31.712514 [debug] [MainThread]: STDERR: "b''"
[0m17:09:31.712514 [info ] [MainThread]:  - git [[32mOK found[0m]

[0m17:09:31.713526 [info ] [MainThread]: Connection test skipped since no profile was found
[0m17:09:31.713526 [info ] [MainThread]: [31m2 checks failed:[0m
[0m17:09:31.713526 [info ] [MainThread]: Could not load dbt_project.yml
Profile loading failed for the following reason:
Runtime Error
  Credentials in profile "demo", target "dev" invalid: Runtime Error
    Could not find adapter type postgres!


[0m17:09:31.714564 [info ] [MainThread]: Project loading failed for the following reason:
 project path <C:\Users\KishanBijlsma\Projects\Brewery\brewery-pipeline\dbt\dbt_project.yml> not found

[0m17:09:31.715553 [debug] [MainThread]: Command `dbt debug` failed at 17:09:31.714564 after 1.43 seconds
[0m17:09:31.715553 [debug] [MainThread]: Sending event: {'category': 'dbt', 'action': 'invocation', 'label': 'end', 'context': [<snowplow_tracker.self_describing_json.SelfDescribingJson object at 0x00000265CF442270>, <snowplow_tracker.self_describing_json.SelfDescribingJson object at 0x00000265D0C6A870>, <snowplow_tracker.self_describing_json.SelfDescribingJson object at 0x00000265B2C00A40>]}
[0m17:09:31.715553 [debug] [MainThread]: Flushing usage events
[0m17:09:32.208826 [debug] [MainThread]: An error was encountered while trying to flush usage events
[0m17:11:34.242342 [debug] [MainThread]: Sending event: {'category': 'dbt', 'action': 'invocation', 'label': 'start', 'context': [<snowplow_tracker.self_describing_json.SelfDescribingJson object at 0x000002330719B2C0>, <snowplow_tracker.self_describing_json.SelfDescribingJson object at 0x0000023307117680>, <snowplow_tracker.self_describing_json.SelfDescribingJson object at 0x0000023307116DE0>]}


============================== 17:11:34.245332 | 3c3dc820-bbe6-4eae-9836-41932d755f47 ==============================
[0m17:11:34.245332 [info ] [MainThread]: Running with dbt=1.11.8
[0m17:11:34.246740 [debug] [MainThread]: running dbt with arguments {'static_parser': 'True', 'no_print': 'None', 'version_check': 'True', 'target_path': 'None', 'warn_error_options': 'WarnErrorOptionsV2(error=[], warn=[], silence=[])', 'printer_width': '80', 'write_json': 'True', 'empty': 'None', 'log_cache_events': 'False', 'introspect': 'True', 'cache_selected_only': 'False', 'fail_fast': 'False', 'debug': 'False', 'log_format': 'default', 'profiles_dir': 'C:\\Users\\KishanBijlsma\\.dbt', 'send_anonymous_usage_stats': 'True', 'quiet': 'False', 'warn_error': 'None', 'partial_parse': 'True', 'indirect_selection': 'eager', 'invocation_command': 'dbt debug', 'use_colors': 'True', 'use_experimental_parser': 'False', 'log_path': 'logs'}
[0m17:11:34.258763 [info ] [MainThread]: dbt version: 1.11.8
[0m17:11:34.258763 [info ] [MainThread]: python version: 3.12.13
[0m17:11:34.259758 [info ] [MainThread]: python path: C:\Users\KishanBijlsma\Projects\Brewery\brewery-pipeline\.venv\Scripts\python.exe
[0m17:11:34.259758 [info ] [MainThread]: os info: Windows-11-10.0.26200-SP0
[0m17:11:34.902630 [debug] [MainThread]: Spark adapter: Setting pyhive.hive logging to ERROR
[0m17:11:34.902630 [debug] [MainThread]: Spark adapter: Setting thrift.transport logging to ERROR
[0m17:11:34.903648 [debug] [MainThread]: Spark adapter: Setting thrift.protocol logging to ERROR
[0m17:11:35.469989 [info ] [MainThread]: Error importing adapter: No module named 'dbt.adapters.postgres'
[0m17:11:35.469989 [info ] [MainThread]: Using profiles dir at C:\Users\KishanBijlsma\.dbt
[0m17:11:35.470988 [info ] [MainThread]: Using profiles.yml file at C:\Users\KishanBijlsma\.dbt\profiles.yml
[0m17:11:35.470988 [info ] [MainThread]: Using dbt_project.yml file at C:\Users\KishanBijlsma\Projects\Brewery\brewery-pipeline\dbt\dbt_project.yml
[0m17:11:35.471987 [info ] [MainThread]: Configuration:
[0m17:11:35.471987 [info ] [MainThread]:   profiles.yml file [[31mERROR invalid[0m]
[0m17:11:35.471987 [info ] [MainThread]:   dbt_project.yml file [[31mERROR not found[0m]
[0m17:11:35.472986 [info ] [MainThread]: Required dependencies:
[0m17:11:35.472986 [debug] [MainThread]: Executing "git --help"
[0m17:11:35.508372 [debug] [MainThread]: STDOUT: "b"usage: git [-v | --version] [-h | --help] [-C <path>] [-c <name>=<value>]\n           [--exec-path[=<path>]] [--html-path] [--man-path] [--info-path]\n           [-p | --paginate | -P | --no-pager] [--no-replace-objects] [--no-lazy-fetch]\n           [--no-optional-locks] [--no-advice] [--bare] [--git-dir=<path>]\n           [--work-tree=<path>] [--namespace=<name>] [--config-env=<name>=<envvar>]\n           <command> [<args>]\n\nThese are common Git commands used in various situations:\n\nstart a working area (see also: git help tutorial)\n   clone      Clone a repository into a new directory\n   init       Create an empty Git repository or reinitialize an existing one\n\nwork on the current change (see also: git help everyday)\n   add        Add file contents to the index\n   mv         Move or rename a file, a directory, or a symlink\n   restore    Restore working tree files\n   rm         Remove files from the working tree and from the index\n\nexamine the history and state (see also: git help revisions)\n   bisect     Use binary search to find the commit that introduced a bug\n   diff       Show changes between commits, commit and working tree, etc\n   grep       Print lines matching a pattern\n   log        Show commit logs\n   show       Show various types of objects\n   status     Show the working tree status\n\ngrow, mark and tweak your common history\n   backfill   Download missing objects in a partial clone\n   branch     List, create, or delete branches\n   commit     Record changes to the repository\n   history    EXPERIMENTAL: Rewrite history\n   merge      Join two or more development histories together\n   rebase     Reapply commits on top of another base tip\n   reset      Set `HEAD` or the index to a known state\n   switch     Switch branches\n   tag        Create, list, delete or verify tags\n\ncollaborate (see also: git help workflows)\n   fetch      Download objects and refs from another repository\n   pull       Fetch from and integrate with another repository or a local branch\n   push       Update remote refs along with associated objects\n\n'git help -a' and 'git help -g' list available subcommands and some\nconcept guides. See 'git help <command>' or 'git help <concept>'\nto read about a specific subcommand or concept.\nSee 'git help git' for an overview of the system.\n""
[0m17:11:35.509376 [debug] [MainThread]: STDERR: "b''"
[0m17:11:35.509376 [info ] [MainThread]:  - git [[32mOK found[0m]

[0m17:11:35.509376 [info ] [MainThread]: Connection test skipped since no profile was found
[0m17:11:35.510465 [info ] [MainThread]: [31m2 checks failed:[0m
[0m17:11:35.510465 [info ] [MainThread]: Could not load dbt_project.yml
Profile loading failed for the following reason:
Runtime Error
  Credentials in profile "demo", target "dev" invalid: Runtime Error
    Could not find adapter type postgres!


[0m17:11:35.510465 [info ] [MainThread]: Project loading failed for the following reason:
 project path <C:\Users\KishanBijlsma\Projects\Brewery\brewery-pipeline\dbt\dbt_project.yml> not found

[0m17:11:35.511481 [debug] [MainThread]: Command `dbt debug` failed at 17:11:35.511481 after 1.39 seconds
[0m17:11:35.512483 [debug] [MainThread]: Sending event: {'category': 'dbt', 'action': 'invocation', 'label': 'end', 'context': [<snowplow_tracker.self_describing_json.SelfDescribingJson object at 0x0000023307DB86E0>, <snowplow_tracker.self_describing_json.SelfDescribingJson object at 0x0000023324B960F0>, <snowplow_tracker.self_describing_json.SelfDescribingJson object at 0x0000023307873CB0>]}
[0m17:11:35.512483 [debug] [MainThread]: Flushing usage events
[0m17:11:36.047944 [debug] [MainThread]: An error was encountered while trying to flush usage events
[0m17:13:53.598006 [debug] [MainThread]: Sending event: {'category': 'dbt', 'action': 'invocation', 'label': 'start', 'context': [<snowplow_tracker.self_describing_json.SelfDescribingJson object at 0x000001F13B5E22A0>, <snowplow_tracker.self_describing_json.SelfDescribingJson object at 0x000001F13B5E23F0>, <snowplow_tracker.self_describing_json.SelfDescribingJson object at 0x000001F13B5E0290>]}


============================== 17:13:53.602031 | 31da4624-40fe-4e3e-8020-5f05bfebd749 ==============================
[0m17:13:53.602031 [info ] [MainThread]: Running with dbt=1.11.8
[0m17:13:53.602031 [debug] [MainThread]: running dbt with arguments {'version_check': 'True', 'no_print': 'None', 'static_parser': 'True', 'warn_error_options': 'WarnErrorOptionsV2(error=[], warn=[], silence=[])', 'target_path': 'None', 'printer_width': '80', 'write_json': 'True', 'empty': 'None', 'log_cache_events': 'False', 'introspect': 'True', 'cache_selected_only': 'False', 'fail_fast': 'False', 'debug': 'False', 'log_format': 'default', 'profiles_dir': 'C:\\Users\\KishanBijlsma\\.dbt', 'send_anonymous_usage_stats': 'True', 'quiet': 'False', 'warn_error': 'None', 'partial_parse': 'True', 'use_colors': 'True', 'invocation_command': 'dbt debug', 'indirect_selection': 'eager', 'use_experimental_parser': 'False', 'log_path': 'logs'}
[0m17:13:53.615646 [info ] [MainThread]: dbt version: 1.11.8
[0m17:13:53.615646 [info ] [MainThread]: python version: 3.12.13
[0m17:13:53.616647 [info ] [MainThread]: python path: C:\Users\KishanBijlsma\Projects\Brewery\brewery-pipeline\.venv\Scripts\python.exe
[0m17:13:53.616647 [info ] [MainThread]: os info: Windows-11-10.0.26200-SP0
[0m17:13:54.290948 [debug] [MainThread]: Spark adapter: Setting pyhive.hive logging to ERROR
[0m17:13:54.290948 [debug] [MainThread]: Spark adapter: Setting thrift.transport logging to ERROR
[0m17:13:54.290948 [debug] [MainThread]: Spark adapter: Setting thrift.protocol logging to ERROR
[0m17:13:54.751836 [info ] [MainThread]: Error importing adapter: No module named 'dbt.adapters.postgres'
[0m17:13:54.752834 [info ] [MainThread]: Using profiles dir at C:\Users\KishanBijlsma\.dbt
[0m17:13:54.752834 [info ] [MainThread]: Using profiles.yml file at C:\Users\KishanBijlsma\.dbt\profiles.yml
[0m17:13:54.752834 [info ] [MainThread]: Using dbt_project.yml file at C:\Users\KishanBijlsma\Projects\Brewery\brewery-pipeline\dbt\dbt_project.yml
[0m17:13:54.753835 [info ] [MainThread]: Configuration:
[0m17:13:54.753835 [info ] [MainThread]:   profiles.yml file [[31mERROR invalid[0m]
[0m17:13:54.754837 [info ] [MainThread]:   dbt_project.yml file [[31mERROR not found[0m]
[0m17:13:54.754837 [info ] [MainThread]: Required dependencies:
[0m17:13:54.754837 [debug] [MainThread]: Executing "git --help"
[0m17:13:54.793835 [debug] [MainThread]: STDOUT: "b"usage: git [-v | --version] [-h | --help] [-C <path>] [-c <name>=<value>]\n           [--exec-path[=<path>]] [--html-path] [--man-path] [--info-path]\n           [-p | --paginate | -P | --no-pager] [--no-replace-objects] [--no-lazy-fetch]\n           [--no-optional-locks] [--no-advice] [--bare] [--git-dir=<path>]\n           [--work-tree=<path>] [--namespace=<name>] [--config-env=<name>=<envvar>]\n           <command> [<args>]\n\nThese are common Git commands used in various situations:\n\nstart a working area (see also: git help tutorial)\n   clone      Clone a repository into a new directory\n   init       Create an empty Git repository or reinitialize an existing one\n\nwork on the current change (see also: git help everyday)\n   add        Add file contents to the index\n   mv         Move or rename a file, a directory, or a symlink\n   restore    Restore working tree files\n   rm         Remove files from the working tree and from the index\n\nexamine the history and state (see also: git help revisions)\n   bisect     Use binary search to find the commit that introduced a bug\n   diff       Show changes between commits, commit and working tree, etc\n   grep       Print lines matching a pattern\n   log        Show commit logs\n   show       Show various types of objects\n   status     Show the working tree status\n\ngrow, mark and tweak your common history\n   backfill   Download missing objects in a partial clone\n   branch     List, create, or delete branches\n   commit     Record changes to the repository\n   history    EXPERIMENTAL: Rewrite history\n   merge      Join two or more development histories together\n   rebase     Reapply commits on top of another base tip\n   reset      Set `HEAD` or the index to a known state\n   switch     Switch branches\n   tag        Create, list, delete or verify tags\n\ncollaborate (see also: git help workflows)\n   fetch      Download objects and refs from another repository\n   pull       Fetch from and integrate with another repository or a local branch\n   push       Update remote refs along with associated objects\n\n'git help -a' and 'git help -g' list available subcommands and some\nconcept guides. See 'git help <command>' or 'git help <concept>'\nto read about a specific subcommand or concept.\nSee 'git help git' for an overview of the system.\n""
[0m17:13:54.793835 [debug] [MainThread]: STDERR: "b''"
[0m17:13:54.793835 [info ] [MainThread]:  - git [[32mOK found[0m]

[0m17:13:54.794908 [info ] [MainThread]: Connection test skipped since no profile was found
[0m17:13:54.794908 [info ] [MainThread]: [31m2 checks failed:[0m
[0m17:13:54.795912 [info ] [MainThread]: Could not load dbt_project.yml
Profile loading failed for the following reason:
Runtime Error
  Credentials in profile "demo", target "dev" invalid: Runtime Error
    Could not find adapter type postgres!


[0m17:13:54.795912 [info ] [MainThread]: Project loading failed for the following reason:
 project path <C:\Users\KishanBijlsma\Projects\Brewery\brewery-pipeline\dbt\dbt_project.yml> not found

[0m17:13:54.796912 [debug] [MainThread]: Command `dbt debug` failed at 17:13:54.796912 after 1.34 seconds
[0m17:13:54.796912 [debug] [MainThread]: Sending event: {'category': 'dbt', 'action': 'invocation', 'label': 'end', 'context': [<snowplow_tracker.self_describing_json.SelfDescribingJson object at 0x000001F13B48C230>, <snowplow_tracker.self_describing_json.SelfDescribingJson object at 0x000001F13E9051F0>, <snowplow_tracker.self_describing_json.SelfDescribingJson object at 0x000001F15866D910>]}
[0m17:13:54.796912 [debug] [MainThread]: Flushing usage events
[0m17:13:55.366833 [debug] [MainThread]: An error was encountered while trying to flush usage events
