[0m12:31:09.491878 [debug] [MainThread]: Sending event: {'category': 'dbt', 'action': 'invocation', 'label': 'start', 'context': [<snowplow_tracker.self_describing_json.SelfDescribingJson object at 0x00000215667DDEE0>, <snowplow_tracker.self_describing_json.SelfDescribingJson object at 0x000002156A4DCC50>, <snowplow_tracker.self_describing_json.SelfDescribingJson object at 0x000002156A4DEDB0>]}


============================== 12:31:09.495651 | 3e0f912c-a2dc-4d90-8c34-3a784466e6ce ==============================
[0m12:31:09.495651 [info ] [MainThread]: Running with dbt=1.11.8
[0m12:31:09.496211 [debug] [MainThread]: running dbt with arguments {'static_parser': 'True', 'no_print': 'None', 'version_check': 'True', 'warn_error_options': 'WarnErrorOptionsV2(error=[], warn=[], silence=[])', 'target_path': 'None', 'printer_width': '80', 'write_json': 'True', 'introspect': 'True', 'log_cache_events': 'False', 'empty': 'None', 'cache_selected_only': 'False', 'log_format': 'default', 'debug': 'False', 'fail_fast': 'False', 'profiles_dir': 'C:\\Users\\KishanBijlsma\\.dbt', 'send_anonymous_usage_stats': 'True', 'quiet': 'False', 'warn_error': 'None', 'partial_parse': 'True', 'indirect_selection': 'eager', 'invocation_command': 'dbt debug', 'use_colors': 'True', 'use_experimental_parser': 'False', 'log_path': 'logs'}
[0m12:31:09.538716 [info ] [MainThread]: dbt version: 1.11.8
[0m12:31:09.539710 [info ] [MainThread]: python version: 3.12.13
[0m12:31:09.539710 [info ] [MainThread]: python path: C:\Users\KishanBijlsma\Projects\Brewery\brewery-pipeline\.venv\Scripts\python.exe
[0m12:31:09.539710 [info ] [MainThread]: os info: Windows-11-10.0.26200-SP0
[0m12:31:10.276652 [debug] [MainThread]: Spark adapter: Setting pyhive.hive logging to ERROR
[0m12:31:10.276652 [debug] [MainThread]: Spark adapter: Setting thrift.transport logging to ERROR
[0m12:31:10.276652 [debug] [MainThread]: Spark adapter: Setting thrift.protocol logging to ERROR
[0m12:31:10.821332 [info ] [MainThread]: Error importing adapter: No module named 'dbt.adapters.postgres'
[0m12:31:10.821929 [info ] [MainThread]: Using profiles dir at C:\Users\KishanBijlsma\.dbt
[0m12:31:10.822546 [info ] [MainThread]: Using profiles.yml file at C:\Users\KishanBijlsma\.dbt\profiles.yml
[0m12:31:10.823702 [info ] [MainThread]: Using dbt_project.yml file at C:\Users\KishanBijlsma\Projects\Brewery\brewery-pipeline\dbt_project.yml
[0m12:31:10.824218 [info ] [MainThread]: Configuration:
[0m12:31:10.824787 [info ] [MainThread]:   profiles.yml file [[31mERROR invalid[0m]
[0m12:31:10.824787 [info ] [MainThread]:   dbt_project.yml file [[31mERROR not found[0m]
[0m12:31:10.825316 [info ] [MainThread]: Required dependencies:
[0m12:31:10.825316 [debug] [MainThread]: Executing "git --help"
[0m12:31:10.866498 [debug] [MainThread]: STDOUT: "b"usage: git [-v | --version] [-h | --help] [-C <path>] [-c <name>=<value>]\n           [--exec-path[=<path>]] [--html-path] [--man-path] [--info-path]\n           [-p | --paginate | -P | --no-pager] [--no-replace-objects] [--no-lazy-fetch]\n           [--no-optional-locks] [--no-advice] [--bare] [--git-dir=<path>]\n           [--work-tree=<path>] [--namespace=<name>] [--config-env=<name>=<envvar>]\n           <command> [<args>]\n\nThese are common Git commands used in various situations:\n\nstart a working area (see also: git help tutorial)\n   clone      Clone a repository into a new directory\n   init       Create an empty Git repository or reinitialize an existing one\n\nwork on the current change (see also: git help everyday)\n   add        Add file contents to the index\n   mv         Move or rename a file, a directory, or a symlink\n   restore    Restore working tree files\n   rm         Remove files from the working tree and from the index\n\nexamine the history and state (see also: git help revisions)\n   bisect     Use binary search to find the commit that introduced a bug\n   diff       Show changes between commits, commit and working tree, etc\n   grep       Print lines matching a pattern\n   log        Show commit logs\n   show       Show various types of objects\n   status     Show the working tree status\n\ngrow, mark and tweak your common history\n   backfill   Download missing objects in a partial clone\n   branch     List, create, or delete branches\n   commit     Record changes to the repository\n   history    EXPERIMENTAL: Rewrite history\n   merge      Join two or more development histories together\n   rebase     Reapply commits on top of another base tip\n   reset      Set `HEAD` or the index to a known state\n   switch     Switch branches\n   tag        Create, list, delete or verify tags\n\ncollaborate (see also: git help workflows)\n   fetch      Download objects and refs from another repository\n   pull       Fetch from and integrate with another repository or a local branch\n   push       Update remote refs along with associated objects\n\n'git help -a' and 'git help -g' list available subcommands and some\nconcept guides. See 'git help <command>' or 'git help <concept>'\nto read about a specific subcommand or concept.\nSee 'git help git' for an overview of the system.\n""
[0m12:31:10.867106 [debug] [MainThread]: STDERR: "b''"
[0m12:31:10.867106 [info ] [MainThread]:  - git [[32mOK found[0m]

[0m12:31:10.868115 [info ] [MainThread]: Connection test skipped since no profile was found
[0m12:31:10.868115 [info ] [MainThread]: [31m2 checks failed:[0m
[0m12:31:10.869116 [info ] [MainThread]: Could not load dbt_project.yml
Profile loading failed for the following reason:
Runtime Error
  Credentials in profile "demo", target "dev" invalid: Runtime Error
    Could not find adapter type postgres!


[0m12:31:10.869116 [info ] [MainThread]: Project loading failed for the following reason:
 project path <C:\Users\KishanBijlsma\Projects\Brewery\brewery-pipeline\dbt_project.yml> not found

[0m12:31:10.870366 [debug] [MainThread]: Command `dbt debug` failed at 12:31:10.870366 after 1.52 seconds
[0m12:31:10.870366 [debug] [MainThread]: Sending event: {'category': 'dbt', 'action': 'invocation', 'label': 'end', 'context': [<snowplow_tracker.self_describing_json.SelfDescribingJson object at 0x000002156A83F4D0>, <snowplow_tracker.self_describing_json.SelfDescribingJson object at 0x0000021508009D00>, <snowplow_tracker.self_describing_json.SelfDescribingJson object at 0x0000021507F44EC0>]}
[0m12:31:10.870966 [debug] [MainThread]: Flushing usage events
[0m12:31:11.545377 [debug] [MainThread]: An error was encountered while trying to flush usage events
[0m09:29:53.108684 [debug] [MainThread]: Sending event: {'category': 'dbt', 'action': 'invocation', 'label': 'start', 'context': [<snowplow_tracker.self_describing_json.SelfDescribingJson object at 0x0000029AA23D6A50>, <snowplow_tracker.self_describing_json.SelfDescribingJson object at 0x0000029AA4C107D0>, <snowplow_tracker.self_describing_json.SelfDescribingJson object at 0x0000029AA4C10BC0>]}


============================== 09:29:53.114516 | d64ba8b3-da1a-4096-a536-0099f6401e90 ==============================
[0m09:29:53.114516 [info ] [MainThread]: Running with dbt=1.11.8
[0m09:29:53.114516 [debug] [MainThread]: running dbt with arguments {'version_check': 'True', 'no_print': 'None', 'static_parser': 'True', 'target_path': 'None', 'warn_error_options': 'WarnErrorOptionsV2(error=[], warn=[], silence=[])', 'printer_width': '80', 'write_json': 'True', 'introspect': 'True', 'log_cache_events': 'False', 'empty': 'False', 'cache_selected_only': 'False', 'log_format': 'default', 'debug': 'False', 'fail_fast': 'False', 'profiles_dir': 'C:\\Users\\KishanBijlsma\\.dbt', 'send_anonymous_usage_stats': 'True', 'quiet': 'False', 'warn_error': 'None', 'partial_parse': 'True', 'use_colors': 'True', 'invocation_command': 'dbt run --full-refresh', 'indirect_selection': 'eager', 'use_experimental_parser': 'False', 'log_path': 'logs'}
[0m09:29:53.115688 [error] [MainThread]: Encountered an error:
Runtime Error
  No dbt_project.yml found at expected path C:\Users\KishanBijlsma\Projects\Brewery\brewery-pipeline\dbt_project.yml
  Verify that each entry within packages.yml (and their transitive dependencies) contains a file named dbt_project.yml
  
[0m09:29:53.116619 [debug] [MainThread]: Command `dbt run` failed at 09:29:53.116619 after 0.13 seconds
[0m09:29:53.116619 [debug] [MainThread]: Sending event: {'category': 'dbt', 'action': 'invocation', 'label': 'end', 'context': [<snowplow_tracker.self_describing_json.SelfDescribingJson object at 0x0000029AA1AD2C90>, <snowplow_tracker.self_describing_json.SelfDescribingJson object at 0x0000029AA23D6A50>, <snowplow_tracker.self_describing_json.SelfDescribingJson object at 0x0000029AA6A85D90>]}
[0m09:29:53.116619 [debug] [MainThread]: Flushing usage events
[0m09:29:53.855574 [debug] [MainThread]: An error was encountered while trying to flush usage events
